do_match_fail.lean:8:2: error: match failed
state:
p q : Prop,
a : p,
a_1 : q
‚ä¢ p
do_match_fail.lean:20:3: error: non-exhaustive set of equations, the following cases are missing:
 (list.nil)
