@foo.{0 0} nat nat nat.has_add (@has_zero.zero.{0} nat nat.has_zero) (@has_one.one.{0} nat nat.has_one) : nat
elab2.lean:13:7: error: type mismatch at application
  @bla.{0 ?l_1} nat ?m_2 nat.zero bool.tt
term
  bool.tt
has type
  bool
but is expected to have type
  nat
⁇ : ?M_1
@bla.{0 0} nat bool (@has_zero.zero.{0} nat nat.has_zero) (@has_zero.zero.{0} nat nat.has_zero) bool.tt : nat
