example_false.lean:3:0: error: failed to add declaration to environment, it contains local constants
