onetwothree
---------
in
in
in
at zero
out
out
out
---------
in
in
in
at zero
out
out2
out
out2
out
out2
