def long_term : Prop :=
1 + 1 + 1 + 1 + 1 + 1 + 1 + 1 + 1 + (1 + 1 + 1 + 1 + 1 + 1 + 1 + 1 + 1) + (1 + 1 + 1 + 1 + 1 + 1 + 1 + 1 + 1) +
          (1 + 1 + 1 + 1 + 1 + 1 + 1 + 1 + 1) +
        (1 + 1 + 1 + 1 + 1 + 1 + 1 + 1 + 1) +
      (1 + 1 + 1 + 1 + 1 + 1 + 1 + 1 + 1) +
    (1 + 1 + 1 + 1 + 1 + 1 + 1 + 1 + 1) =
  1 + 1 + 1 + 1 + 1 + 1 + 1 + 1 + 1 + (1 + 1 + 1 + 1 + 1 + 1 + 1 + 1 + 1) + (1 + 1 + 1 + 1 + 1 + 1 + 1 + 1 + 1) +
            (1 + 1 + 1 + 1 + 1 + 1 + 1 + 1 + 1) +
          (1 + 1 + 1 + 1 + 1 + 1 + 1 + 1 + 1) +
        (1 + 1 + 1 + 1 + 1 + 1 + 1 + 1 + 1) +
      (1 + 1 + 1 + 1 + 1 + 1 + 1 + 1 + 1) +
    (1 + 1 + 1 + 1 + 1 + 1 + 1 + 1 + 1)
