minimize_errors.lean:2:0: error: type mismatch, expression
  λ (a : ℕ), a
has type
  ℕ → ℕ
but is expected to have type
  ℕ → ℕ → ℕ
f : ℕ → ℕ → ℕ
g : ℕ → ℕ → ℕ
noncomputable def g : ℕ → ℕ → ℕ :=
f
noncomputable def h : ℕ → ℕ → ℕ :=
h._main
