def f : Π (n : ℕ), n = n → ℕ → ℕ :=
λ (n : ℕ) (H : n = n) (m : ℕ), id (n + m)
def f : Π (n : ℕ), n = n → ℕ → ℕ :=
λ (n : ℕ) (H : n = n) (m : ℕ), id (n + m)
