protected.lean:9:7: error: unknown identifier 'C'
⁇ : ?M_1
D : Prop
