record_rec_protected.lean:8:7: error: unknown identifier 'rec'
⁇ : ?M_1
