[fixed_no_param, eq, eq]
[eq, cast]
[fixed_no_param, eq, eq, cast]
